powitanie
jeszcz jedno
TEkst testowy
Dośdane
